MySQL Shell 9.6.0

Copyright (c) 2016, 2026, Oracle and/or its affiliates.
Oracle is a registered trademark of Oracle Corporation and/or its affiliates.
Other names may be trademarks of their respective owners.

Type '\help' or '\?' for help; '\quit' to exit.
 MySQL  SQL > \conect --mc root@localhost
Unknown command: '\conect --mc root@localhost'
 MySQL  SQL > \connect --mc root@localhost
Creating a Classic session to 'root@localhost'
Fetching global names for auto-completion... Press ^C to stop.
Your MySQL connection id is 9
Server version: 8.0.45 MySQL Community Server - GPL
No default schema selected; type \use <schema> to set one.
 MySQL  localhost:3306 ssl  SQL > use taller
MySQL Error 1049: Unknown database 'taller'
 MySQL  localhost:3306 ssl  SQL > use taller1
Default schema set to `taller1`.
Fetching global names, object names from `taller1` for auto-completion... Press ^C to stop.
 MySQL  localhost:3306 ssl  taller1  SQL > create table customer(cust_id
                                        -> int not null auto_increment key,
                                        -> create table customer(cust_id  int not null auto_increment key, cust_name varchar(50) , cust_add carchar(20);
                                        -> create table customer(cust_id  int not null auto_increment key, cust_name varchar(50) , cust_add carchar(20);
ERROR: 1064 (42000): You have an error in your SQL syntax; check the manual that corresponds to your MySQL server version for the right syntax to use near 'carchar(20)' at line 1                     create table customer(cust_id  int not null auto_increment key, cust_name varchar(50) , cust_add carchar(20);
 MySQL  localhost:3306 ssl  taller1  SQL > create table customer(cust_id  int not null auto_increment key, cust_name varchar(50) , cust_add carchar(20);
 MySQL  localhost:3306 ssl  taller1  SQL > create table customer(cust_id  int not null auto_increment key, cust_name varchar(50) , cust_add carchar(20));
ERROR: 1064 (42000): You have an error in your SQL syntax; check the manual that corresponds to your MySQL server version for the right syntax to use near 'carchar(20))' at line 1
 MySQL  localhost:3306 ssl  taller1  SQL > create table customer(cust_id  int not null auto_increment key, cust_name varchar(50) , cust_add varchar(20));
Query OK, 0 rows affected (0.0326 sec)
 MySQL  localhost:3306 ssl  taller1  SQL >
 MySQL  localhost:3306 ssl  taller1  SQL > insert into customer(cust_name, cust_add) value("Value Forture", "Plano, TX"), ("Forture Gallery", "Boulder, CO")

                                        -> ;
Query OK, 2 rows affected (0.0136 sec)

Records: 2  Duplicates: 0  Warnings: 0
 MySQL  localhost:3306 ssl  taller1  SQL > select * from customer
                                        -> ;
+---------+-----------------+-------------+
| cust_id | cust_name       | cust_add    |
+---------+-----------------+-------------+
|       1 | Value Forture   | Plano, TX   |
|       2 | Forture Gallery | Boulder, CO |
+---------+-----------------+-------------+
2 rows in set (0.0013 sec)
 MySQL  localhost:3306 ssl  taller1  SQL > create table Order(order_id  int not null auto_increment key, Order_date date , cust_id int);
ERROR: 1064 (42000): You have an error in your SQL syntax; check the manual that corresponds to your MySQL server version for the right syntax to use near 'Order(order_id  int not null auto_increment key, Order_date date , cust_id int)' at line 1
 MySQL  localhost:3306 ssl  taller1  SQL > create table Order(order_id  int not null auto_increment key, Order_date date , cust_id int));
ERROR: 1064 (42000): You have an error in your SQL syntax; check the manual that corresponds to your MySQL server version for the right syntax to use near 'Order(order_id  int not null auto_increment key, Order_date date , cust_id int))' at line 1
 MySQL  localhost:3306 ssl  taller1  SQL > create table order(order_id  int not null auto_increment key, Order_date date , cust_id int);
ERROR: 1064 (42000): You have an error in your SQL syntax; check the manual that corresponds to your MySQL server version for the right syntax to use near 'order(order_id  int not null auto_increment key, Order_date date , cust_id int)' at line 1
 MySQL  localhost:3306 ssl  taller1  SQL > create table orders(order_id  int not null auto_increment key, Order_date date, cust_id int);
Query OK, 0 rows affected (0.0350 sec)
 MySQL  localhost:3306 ssl  taller1  SQL > insert into customer(Order_date, cust_id) value("2005-10-24", "2"), ("2003-12-1", "6") ;
ERROR: 1054 (42S22): Unknown column 'Order_date' in 'field list'
 MySQL  localhost:3306 ssl  taller1  SQL > insert into customer(Order_date, cust_id) value("2005-10-24", "2"), ("2003-12-01", "6") ;
ERROR: 1054 (42S22): Unknown column 'Order_date' in 'field list'
 MySQL  localhost:3306 ssl  taller1  SQL > insert into customer(Order_date, cust_id) value("2005-10-24", "2"), ("2003-12-01", "6") ;
ERROR: 1054 (42S22): Unknown column 'Order_date' in 'field list'
 MySQL  localhost:3306 ssl  taller1  SQL > insert into customer(Order_date, cust_id) values("2005-10-24", "2"), ("2003-12-01", "6") ;
ERROR: 1054 (42S22): Unknown column 'Order_date' in 'field list'
 MySQL  localhost:3306 ssl  taller1  SQL > insert into customer(Order_date, cust_id) values("2005-10-24", "2"), ("2003-12-25", "6") ;
ERROR: 1054 (42S22): Unknown column 'Order_date' in 'field list'
 MySQL  localhost:3306 ssl  taller1  SQL > insert into oders(Order_date, cust_id) values("2005-10-24", "2"), ("2003-12-25", "6") ;
ERROR: 1146 (42S02): Table 'taller1.oders' doesn't exist
 MySQL  localhost:3306 ssl  taller1  SQL > select * from orders;
Empty set (0.0039 sec)
 MySQL  localhost:3306 ssl  taller1  SQL > insert into orders(Order_date, cust_id) values("2005-10-24", "2"), ("2003-12-25", "6") ;
Query OK, 2 rows affected (0.0093 sec)

Records: 2  Duplicates: 0  Warnings: 0
 MySQL  localhost:3306 ssl  taller1  SQL > select * from orders;
+----------+------------+---------+
| order_id | Order_date | cust_id |
+----------+------------+---------+
|        1 | 2005-10-24 |       2 |
|        2 | 2003-12-25 |       6 |
+----------+------------+---------+
2 rows in set (0.0007 sec)
 MySQL  localhost:3306 ssl  taller1  SQL > select * from customer
                                        -> ;
+---------+-----------------+-------------+
| cust_id | cust_name       | cust_add    |
+---------+-----------------+-------------+
|       1 | Value Forture   | Plano, TX   |
|       2 | Forture Gallery | Boulder, CO |
+---------+-----------------+-------------+
2 rows in set (0.0013 sec)
 MySQL  localhost:3306 ssl  taller1  SQL >