MySQL Shell 9.6.0

Copyright (c) 2016, 2026, Oracle and/or its affiliates.
Oracle is a registered trademark of Oracle Corporation and/or its affiliates.
Other names may be trademarks of their respective owners.

Type '\help' or '\?' for help; '\quit' to exit.
 MySQL  SQL > \connect --mc root@localhost
Creating a Classic session to 'root@localhost'
Fetching global names for auto-completion... Press ^C to stop.
Your MySQL connection id is 8
Server version: 8.0.45 MySQL Community Server - GPL
No default schema selected; type \use <schema> to set one.
 MySQL  localhost:3306 ssl  SQL >  create table students(IDSt int not null auto_increment, Lastname varchar(50))
                               -> ;
ERROR: 1046 (3D000): No database selected
 MySQL  localhost:3306 ssl  SQL > use taller1
Default schema set to `taller1`.
Fetching global names, object names from `taller1` for auto-completion... Press ^C to stop.
 MySQL  localhost:3306 ssl  taller1  SQL > create table students(IDSt int not null auto_increment, Lastname varchar(50)) ;
ERROR: 1075 (42000): Incorrect table definition; there can be only one auto column and it must be defined as a key
 MySQL  localhost:3306 ssl  taller1  SQL > create table students(IDSt int not null auto_increment key, Lastname varchar(50)) ;
Query OK, 0 rows affected (0.0308 sec)
 MySQL  localhost:3306 ssl  taller1  SQL > show tables;
+-------------------+
| Tables_in_taller1 |
+-------------------+
| curso             |
| curso2            |
| persona           |
| students          |
+-------------------+
4 rows in set (0.0024 sec)
 MySQL  localhost:3306 ssl  taller1  SQL > show database;
ERROR: 1064 (42000): You have an error in your SQL syntax; check the manual that corresponds to your MySQL server version for the right syntax to use near 'database' at line 1
 MySQL  localhost:3306 ssl  taller1  SQL > desc persona;
+-----------+-------------+------+-----+---------+----------------+
| Field     | Type        | Null | Key | Default | Extra          |
+-----------+-------------+------+-----+---------+----------------+
| idpersona | int         | NO   | PRI | NULL    | auto_increment |
| nombre    | varchar(50) | YES  |     | NULL    |                |
| apellidos | varchar(50) | YES  |     | NULL    |                |
| fecha_nac | date        | YES  |     | NULL    |                |
+-----------+-------------+------+-----+---------+----------------+
4 rows in set (0.0033 sec)
 MySQL  localhost:3306 ssl  taller1  SQL > desc students;
+----------+-------------+------+-----+---------+----------------+
| Field    | Type        | Null | Key | Default | Extra          |
+----------+-------------+------+-----+---------+----------------+
| IDSt     | int         | NO   | PRI | NULL    | auto_increment |
| Lastname | varchar(50) | YES  |     | NULL    |                |
+----------+-------------+------+-----+---------+----------------+
2 rows in set (0.0023 sec)
 MySQL  localhost:3306 ssl  taller1  SQL > drop students;
ERROR: 1064 (42000): You have an error in your SQL syntax; check the manual that corresponds to your MySQL server version for the right syntax to use near 'students' at line 1
 MySQL  localhost:3306 ssl  taller1  SQL > drop table students;
Query OK, 0 rows affected (0.0249 sec)
 MySQL  localhost:3306 ssl  taller1  SQL > create table students(IDSt int not null auto_increment key, Lastname varchar(50) Grade int not null) ;
ERROR: 1064 (42000): You have an error in your SQL syntax; check the manual that corresponds to your MySQL server version for the right syntax to use near 'Grade int not null)' at line 1
 MySQL  localhost:3306 ssl  taller1  SQL > create table students(IDSt int not null auto_increment key, Lastname varchar(50) Grade int) ;
ERROR: 1064 (42000): You have an error in your SQL syntax; check the manual that corresponds to your MySQL server version for the right syntax to use near 'Grade int)' at line 1
 MySQL  localhost:3306 ssl  taller1  SQL > create table students(IDSt int auto_increment key, Lastname varchar(50) Grade int) ;
ERROR: 1064 (42000): You have an error in your SQL syntax; check the manual that corresponds to your MySQL server version for the right syntax to use near 'Grade int)' at line 1
 MySQL  localhost:3306 ssl  taller1  SQL > create table students(IDSt int auto_increment key, Lastname varchar(50), Grade ) ;
ERROR: 1064 (42000): You have an error in your SQL syntax; check the manual that corresponds to your MySQL server version for the right syntax to use near ')' at line 1
 MySQL  localhost:3306 ssl  taller1  SQL > create table students(IDSt int auto_increment key, Lastname varchar(50), Grade int) ;
Query OK, 0 rows affected (0.0189 sec)
 MySQL  localhost:3306 ssl  taller1  SQL > desc students;
+----------+-------------+------+-----+---------+----------------+
| Field    | Type        | Null | Key | Default | Extra          |
+----------+-------------+------+-----+---------+----------------+
| IDSt     | int         | NO   | PRI | NULL    | auto_increment |
| Lastname | varchar(50) | YES  |     | NULL    |                |
| Grade    | int         | YES  |     | NULL    |                |
+----------+-------------+------+-----+---------+----------------+
3 rows in set (0.0023 sec)
 MySQL  localhost:3306 ssl  taller1  SQL > show create table students;
+----------+------------------------------------------------------------------------------------------------------------------------------------------------------------------------------------------------------------------------------+
| Table    | Create Table                                                                                                                                                                                                                 |
+----------+------------------------------------------------------------------------------------------------------------------------------------------------------------------------------------------------------------------------------+
| students | CREATE TABLE `students` (
  `IDSt` int NOT NULL AUTO_INCREMENT,
  `Lastname` varchar(50) DEFAULT NULL,
  `Grade` int DEFAULT NULL,
  PRIMARY KEY (`IDSt`)
) ENGINE=InnoDB DEFAULT CHARSET=utf8mb4 COLLATE=utf8mb4_0900_ai_ci |
+----------+------------------------------------------------------------------------------------------------------------------------------------------------------------------------------------------------------------------------------+
1 row in set (0.0059 sec)
 MySQL  localhost:3306 ssl  taller1  SQL > Insert into students(Lastname, Grade) value("Mueller", "5"), ("Meier", "5"), ("Tobler", "6");
Query OK, 3 rows affected (0.0086 sec)

Records: 3  Duplicates: 0  Warnings: 0
 MySQL  localhost:3306 ssl  taller1  SQL > select from students;
ERROR: 1064 (42000): You have an error in your SQL syntax; check the manual that corresponds to your MySQL server version for the right syntax to use near 'from students' at line 1
 MySQL  localhost:3306 ssl  taller1  SQL > select * from students;
+------+----------+-------+
| IDSt | Lastname | Grade |
+------+----------+-------+
|    1 | Mueller  |     5 |
|    2 | Meier    |     5 |
|    3 | Tobler   |     6 |
+------+----------+-------+
3 rows in set (0.0015 sec)
 MySQL  localhost:3306 ssl  taller1  SQL > create table prof(IDprof int not null auto_increment, Prof varchar(50)
                                        -> ;
ERROR: 1064 (42000): You have an error in your SQL syntax; check the manual that corresponds to your MySQL server version for the right syntax to use near '' at line 1
 MySQL  localhost:3306 ssl  taller1  SQL > create table prof(IDprof int not null auto_increment, Prof varchar(50)) ;
ERROR: 1075 (42000): Incorrect table definition; there can be only one auto column and it must be defined as a key
 MySQL  localhost:3306 ssl  taller1  SQL > create table prof(IDprof int not null auto_increment key, Prof varchar(50)) ;
Query OK, 0 rows affected (0.0369 sec)
 MySQL  localhost:3306 ssl  taller1  SQL > Insert into students(Prof) value("Bernasconi"), ("Bornr"), ("Schmid");
ERROR: 1054 (42S22): Unknown column 'Prof' in 'field list'
 MySQL  localhost:3306 ssl  taller1  SQL > desc prof;
+--------+-------------+------+-----+---------+----------------+
| Field  | Type        | Null | Key | Default | Extra          |
+--------+-------------+------+-----+---------+----------------+
| IDprof | int         | NO   | PRI | NULL    | auto_increment |
| Prof   | varchar(50) | YES  |     | NULL    |                |
+--------+-------------+------+-----+---------+----------------+
2 rows in set (0.0027 sec)
 MySQL  localhost:3306 ssl  taller1  SQL > show create table prof;
+-------+----------------------------------------------------------------------------------------------------------------------------------------------------------------------------------------------+
| Table | Create Table                                                                                                                                                                                 |
+-------+----------------------------------------------------------------------------------------------------------------------------------------------------------------------------------------------+
| prof  | CREATE TABLE `prof` (
  `IDprof` int NOT NULL AUTO_INCREMENT,
  `Prof` varchar(50) DEFAULT NULL,
  PRIMARY KEY (`IDprof`)
) ENGINE=InnoDB DEFAULT CHARSET=utf8mb4 COLLATE=utf8mb4_0900_ai_ci |
+-------+----------------------------------------------------------------------------------------------------------------------------------------------------------------------------------------------+
1 row in set (0.0027 sec)
 MySQL  localhost:3306 ssl  taller1  SQL > Insert into students(Prof) value("Bernasconi"), ("Bornr"), ("Schmid");
ERROR: 1054 (42S22): Unknown column 'Prof' in 'field list'
 MySQL  localhost:3306 ssl  taller1  SQL > Insert into prof(Prof) value("Bernasconi"), ("Bornr"), ("Schmid");
Query OK, 3 rows affected (0.0062 sec)

Records: 3  Duplicates: 0  Warnings: 0
 MySQL  localhost:3306 ssl  taller1  SQL > select * from student;
ERROR: 1146 (42S02): Table 'taller1.student' doesn't exist
 MySQL  localhost:3306 ssl  taller1  SQL > select * from prof;
+--------+------------+
| IDprof | Prof       |
+--------+------------+
|      1 | Bernasconi |
|      2 | Bornr      |
|      3 | Schmid     |
+--------+------------+
3 rows in set (0.0011 sec)
 MySQL  localhost:3306 ssl  taller1  SQL >